Testing image loading and text visibility on the webpage.
